Archive member included to satisfy reference by file (symbol)

c:/program files (x86)/atmel/studio/7.0/toolchain/avr8/avr8-gnu-toolchain/bin/../lib/gcc/avr/5.4.0/avr5\libgcc.a(_udivmodhi4.o)
                              queue.o (__udivmodhi4)
c:/program files (x86)/atmel/studio/7.0/toolchain/avr8/avr8-gnu-toolchain/bin/../lib/gcc/avr/5.4.0/avr5\libgcc.a(_exit.o)
                              C:/Program Files (x86)/Atmel/Studio/7.0/Packs/atmel/ATmega_DFP/1.7.374/gcc/dev/atmega32/avr5/crtatmega32.o (exit)
c:/program files (x86)/atmel/studio/7.0/toolchain/avr8/avr8-gnu-toolchain/bin/../lib/gcc/avr/5.4.0/avr5\libgcc.a(_copy_data.o)
                              tasks.o (__do_copy_data)
c:/program files (x86)/atmel/studio/7.0/toolchain/avr8/avr8-gnu-toolchain/bin/../lib/gcc/avr/5.4.0/avr5\libgcc.a(_clear_bss.o)
                              heap_1.o (__do_clear_bss)
c:/program files (x86)/atmel/studio/7.0/toolchain/avr8/avr8-gnu-toolchain/bin/../lib/gcc/avr/5.4.0/../../../../avr/lib/avr5\libc.a(memcpy.o)
                              queue.o (memcpy)

Discarded input sections

 .data          0x00000000        0x0 C:/Program Files (x86)/Atmel/Studio/7.0/Packs/atmel/ATmega_DFP/1.7.374/gcc/dev/atmega32/avr5/crtatmega32.o
 .bss           0x00000000        0x0 C:/Program Files (x86)/Atmel/Studio/7.0/Packs/atmel/ATmega_DFP/1.7.374/gcc/dev/atmega32/avr5/crtatmega32.o
 .text          0x00000000        0x0 croutine.o
 .data          0x00000000        0x0 croutine.o
 .bss           0x00000000        0x0 croutine.o
 .debug_info    0x00000000       0x64 croutine.o
 .debug_abbrev  0x00000000       0x26 croutine.o
 .debug_aranges
                0x00000000       0x18 croutine.o
 .debug_line    0x00000000       0x1a croutine.o
 .debug_str     0x00000000      0x164 croutine.o
 .comment       0x00000000       0x31 croutine.o
 .text          0x00000000        0x0 DIO_prog.o
 .data          0x00000000        0x0 DIO_prog.o
 .bss           0x00000000        0x0 DIO_prog.o
 .text.DIO_voidSetPinDir
                0x00000000       0xb0 DIO_prog.o
 .text.DIO_voidSetPortVal
                0x00000000       0x18 DIO_prog.o
 .text.DIO_u8GetPinVal
                0x00000000       0x46 DIO_prog.o
 .text          0x00000000        0x0 event_groups.o
 .data          0x00000000        0x0 event_groups.o
 .bss           0x00000000        0x0 event_groups.o
 .text.prvTestWaitCondition
                0x00000000       0x26 event_groups.o
 .text.xEventGroupCreate
                0x00000000       0x26 event_groups.o
 .text.xEventGroupWaitBits
                0x00000000       0xe4 event_groups.o
 .text.xEventGroupClearBits
                0x00000000       0x1e event_groups.o
 .text.xEventGroupGetBitsFromISR
                0x00000000        0x8 event_groups.o
 .text.xEventGroupSetBits
                0x00000000       0xc8 event_groups.o
 .text.xEventGroupSync
                0x00000000       0xd6 event_groups.o
 .text.vEventGroupDelete
                0x00000000       0x2e event_groups.o
 .text.vEventGroupSetBitsCallback
                0x00000000        0x8 event_groups.o
 .text.vEventGroupClearBitsCallback
                0x00000000        0x8 event_groups.o
 .debug_info    0x00000000      0x8db event_groups.o
 .debug_abbrev  0x00000000      0x1dc event_groups.o
 .debug_loc     0x00000000      0xb41 event_groups.o
 .debug_aranges
                0x00000000       0x68 event_groups.o
 .debug_ranges  0x00000000       0x70 event_groups.o
 .debug_line    0x00000000      0x3fc event_groups.o
 .debug_str     0x00000000      0x578 event_groups.o
 .comment       0x00000000       0x31 event_groups.o
 .debug_frame   0x00000000      0x15c event_groups.o
 .text          0x00000000        0x0 heap_1.o
 .data          0x00000000        0x0 heap_1.o
 .bss           0x00000000        0x0 heap_1.o
 .text.vPortInitialiseBlocks
                0x00000000        0xa heap_1.o
 .text.xPortGetFreeHeapSize
                0x00000000       0x12 heap_1.o
 .text          0x00000000        0x0 list.o
 .data          0x00000000        0x0 list.o
 .bss           0x00000000        0x0 list.o
 .text.vListInsertEnd
                0x00000000       0x42 list.o
 .text          0x00000000        0x0 main.o
 .data          0x00000000        0x0 main.o
 .bss           0x00000000        0x0 main.o
 .text          0x00000000        0x0 port.o
 .data          0x00000000        0x0 port.o
 .bss           0x00000000        0x0 port.o
 .text.vPortEndScheduler
                0x00000000        0x2 port.o
 .text          0x00000000        0x0 PORT_prog.o
 .data          0x00000000        0x0 PORT_prog.o
 .bss           0x00000000        0x0 PORT_prog.o
 .text          0x00000000        0x0 queue.o
 .data          0x00000000        0x0 queue.o
 .bss           0x00000000        0x0 queue.o
 .text.prvIsQueueEmpty
                0x00000000       0x1a queue.o
 .text.prvIsQueueFull
                0x00000000       0x1c queue.o
 .text.prvCopyDataToQueue
                0x00000000       0x92 queue.o
 .text.prvCopyDataFromQueue
                0x00000000       0x34 queue.o
 .text.prvUnlockQueue
                0x00000000       0x68 queue.o
 .text.xQueueGenericReset
                0x00000000       0xc0 queue.o
 .text.prvInitialiseNewQueue
                0x00000000       0x26 queue.o
 .text.xQueueGenericCreate
                0x00000000       0x82 queue.o
 .text.xQueueGenericSend
                0x00000000      0x124 queue.o
 .text.xQueueGenericSendFromISR
                0x00000000       0x84 queue.o
 .text.xQueueGiveFromISR
                0x00000000       0x70 queue.o
 .text.xQueueReceive
                0x00000000      0x11e queue.o
 .text.xQueueSemaphoreTake
                0x00000000      0x106 queue.o
 .text.xQueuePeek
                0x00000000      0x122 queue.o
 .text.xQueueReceiveFromISR
                0x00000000       0x7a queue.o
 .text.xQueuePeekFromISR
                0x00000000       0x2e queue.o
 .text.uxQueueMessagesWaiting
                0x00000000       0x10 queue.o
 .text.uxQueueSpacesAvailable
                0x00000000       0x16 queue.o
 .text.uxQueueMessagesWaitingFromISR
                0x00000000        0x6 queue.o
 .text.vQueueDelete
                0x00000000        0x6 queue.o
 .text.xQueueIsQueueEmptyFromISR
                0x00000000       0x10 queue.o
 .text.xQueueIsQueueFullFromISR
                0x00000000       0x12 queue.o
 .debug_info    0x00000000     0x14f8 queue.o
 .debug_abbrev  0x00000000      0x227 queue.o
 .debug_loc     0x00000000     0x18dd queue.o
 .debug_aranges
                0x00000000       0xc8 queue.o
 .debug_ranges  0x00000000      0x100 queue.o
 .debug_line    0x00000000      0xaa5 queue.o
 .debug_str     0x00000000      0x78b queue.o
 .comment       0x00000000       0x31 queue.o
 .debug_frame   0x00000000      0x2fc queue.o
 .text          0x00000000        0x0 stream_buffer.o
 .data          0x00000000        0x0 stream_buffer.o
 .bss           0x00000000        0x0 stream_buffer.o
 .text.prvBytesInBuffer
                0x00000000       0x26 stream_buffer.o
 .text.prvInitialiseNewStreamBuffer
                0x00000000       0x20 stream_buffer.o
 .text.prvWriteBytesToBuffer
                0x00000000       0x88 stream_buffer.o
 .text.prvWriteMessageToBuffer
                0x00000000       0x8e stream_buffer.o
 .text.prvReadBytesFromBuffer
                0x00000000       0x88 stream_buffer.o
 .text.prvReadMessageFromBuffer
                0x00000000       0x90 stream_buffer.o
 .text.xStreamBufferGenericCreate
                0x00000000       0x80 stream_buffer.o
 .text.vStreamBufferDelete
                0x00000000       0x1a stream_buffer.o
 .text.xStreamBufferReset
                0x00000000       0x56 stream_buffer.o
 .text.xStreamBufferSetTriggerLevel
                0x00000000       0x22 stream_buffer.o
 .text.xStreamBufferSpacesAvailable
                0x00000000       0x34 stream_buffer.o
 .text.xStreamBufferBytesAvailable
                0x00000000        0x6 stream_buffer.o
 .text.xStreamBufferSend
                0x00000000      0x174 stream_buffer.o
 .text.xStreamBufferSendFromISR
                0x00000000       0x8e stream_buffer.o
 .text.xStreamBufferReceive
                0x00000000      0x102 stream_buffer.o
 .text.xStreamBufferNextMessageLengthBytes
                0x00000000       0x54 stream_buffer.o
 .text.xStreamBufferReceiveFromISR
                0x00000000       0x8a stream_buffer.o
 .text.xStreamBufferIsEmpty
                0x00000000       0x18 stream_buffer.o
 .text.xStreamBufferIsFull
                0x00000000       0x2c stream_buffer.o
 .text.xStreamBufferSendCompletedFromISR
                0x00000000       0x4c stream_buffer.o
 .text.xStreamBufferReceiveCompletedFromISR
                0x00000000       0x4c stream_buffer.o
 .debug_info    0x00000000     0x1376 stream_buffer.o
 .debug_abbrev  0x00000000      0x200 stream_buffer.o
 .debug_loc     0x00000000     0x1c9f stream_buffer.o
 .debug_aranges
                0x00000000       0xc0 stream_buffer.o
 .debug_ranges  0x00000000       0xb0 stream_buffer.o
 .debug_line    0x00000000      0x775 stream_buffer.o
 .debug_str     0x00000000      0x81b stream_buffer.o
 .comment       0x00000000       0x31 stream_buffer.o
 .debug_frame   0x00000000      0x41c stream_buffer.o
 .text          0x00000000        0x0 tasks.o
 .data          0x00000000        0x0 tasks.o
 .bss           0x00000000        0x0 tasks.o
 .text.prvTaskIsTaskSuspended
                0x00000000       0x2e tasks.o
 .text.vTaskDelete
                0x00000000       0xb0 tasks.o
 .text.vTaskResume
                0x00000000       0xcc tasks.o
 .text.xTaskResumeFromISR
                0x00000000       0xda tasks.o
 .text.vTaskEndScheduler
                0x00000000        0xc tasks.o
 .text.xTaskGetTickCount
                0x00000000       0x14 tasks.o
 .text.xTaskGetTickCountFromISR
                0x00000000        0xa tasks.o
 .text.uxTaskGetNumberOfTasks
                0x00000000        0x6 tasks.o
 .text.pcTaskGetName
                0x00000000       0x10 tasks.o
 .text.xTaskDelayUntil
                0x00000000       0x84 tasks.o
 .text.xTaskCatchUpTicks
                0x00000000       0x32 tasks.o
 .text.vTaskSuspend
                0x00000000       0xc2 tasks.o
 .text.vTaskPlaceOnEventList
                0x00000000       0x24 tasks.o
 .text.vTaskPlaceOnUnorderedEventList
                0x00000000       0x8c tasks.o
 .text.xTaskRemoveFromEventList
                0x00000000      0x17a tasks.o
 .text.vTaskRemoveFromUnorderedEventList
                0x00000000      0x14c tasks.o
 .text.vTaskSetTimeOutState
                0x00000000       0x20 tasks.o
 .text.vTaskInternalSetTimeOutState
                0x00000000       0x16 tasks.o
 .text.xTaskCheckForTimeOut
                0x00000000       0x7e tasks.o
 .text.vTaskMissedYield
                0x00000000        0x8 tasks.o
 .text.xTaskGetCurrentTaskHandle
                0x00000000        0xa tasks.o
 .text.uxTaskResetEventItemValue
                0x00000000       0x2e tasks.o
 .text.ulTaskGenericNotifyTake
                0x00000000      0x106 tasks.o
 .text.xTaskGenericNotifyWait
                0x00000000      0x142 tasks.o
 .text.xTaskGenericNotify
                0x00000000      0x20a tasks.o
 .text.xTaskGenericNotifyFromISR
                0x00000000      0x260 tasks.o
 .text.vTaskGenericNotifyGiveFromISR
                0x00000000      0x194 tasks.o
 .text.xTaskGenericNotifyStateClear
                0x00000000       0x34 tasks.o
 .text.ulTaskGenericNotifyValueClear
                0x00000000       0x6c tasks.o
 .text          0x00000000        0x0 timers.o
 .data          0x00000000        0x0 timers.o
 .bss           0x00000000        0x0 timers.o
 .debug_info    0x00000000       0x64 timers.o
 .debug_abbrev  0x00000000       0x26 timers.o
 .debug_aranges
                0x00000000       0x18 timers.o
 .debug_line    0x00000000       0x1a timers.o
 .debug_str     0x00000000      0x162 timers.o
 .comment       0x00000000       0x31 timers.o
 .text          0x00000000        0x0 c:/program files (x86)/atmel/studio/7.0/toolchain/avr8/avr8-gnu-toolchain/bin/../lib/gcc/avr/5.4.0/avr5\libgcc.a(_udivmodhi4.o)
 .data          0x00000000        0x0 c:/program files (x86)/atmel/studio/7.0/toolchain/avr8/avr8-gnu-toolchain/bin/../lib/gcc/avr/5.4.0/avr5\libgcc.a(_udivmodhi4.o)
 .bss           0x00000000        0x0 c:/program files (x86)/atmel/studio/7.0/toolchain/avr8/avr8-gnu-toolchain/bin/../lib/gcc/avr/5.4.0/avr5\libgcc.a(_udivmodhi4.o)
 .text.libgcc.mul
                0x00000000        0x0 c:/program files (x86)/atmel/studio/7.0/toolchain/avr8/avr8-gnu-toolchain/bin/../lib/gcc/avr/5.4.0/avr5\libgcc.a(_udivmodhi4.o)
 .text.libgcc.div
                0x00000000       0x28 c:/program files (x86)/atmel/studio/7.0/toolchain/avr8/avr8-gnu-toolchain/bin/../lib/gcc/avr/5.4.0/avr5\libgcc.a(_udivmodhi4.o)
 .text.libgcc   0x00000000        0x0 c:/program files (x86)/atmel/studio/7.0/toolchain/avr8/avr8-gnu-toolchain/bin/../lib/gcc/avr/5.4.0/avr5\libgcc.a(_udivmodhi4.o)
 .text.libgcc.prologue
                0x00000000        0x0 c:/program files (x86)/atmel/studio/7.0/toolchain/avr8/avr8-gnu-toolchain/bin/../lib/gcc/avr/5.4.0/avr5\libgcc.a(_udivmodhi4.o)
 .text.libgcc.builtins
                0x00000000        0x0 c:/program files (x86)/atmel/studio/7.0/toolchain/avr8/avr8-gnu-toolchain/bin/../lib/gcc/avr/5.4.0/avr5\libgcc.a(_udivmodhi4.o)
 .text.libgcc.fmul
                0x00000000        0x0 c:/program files (x86)/atmel/studio/7.0/toolchain/avr8/avr8-gnu-toolchain/bin/../lib/gcc/avr/5.4.0/avr5\libgcc.a(_udivmodhi4.o)
 .text.libgcc.fixed
                0x00000000        0x0 c:/program files (x86)/atmel/studio/7.0/toolchain/avr8/avr8-gnu-toolchain/bin/../lib/gcc/avr/5.4.0/avr5\libgcc.a(_udivmodhi4.o)
 .text          0x00000000        0x0 c:/program files (x86)/atmel/studio/7.0/toolchain/avr8/avr8-gnu-toolchain/bin/../lib/gcc/avr/5.4.0/avr5\libgcc.a(_exit.o)
 .data          0x00000000        0x0 c:/program files (x86)/atmel/studio/7.0/toolchain/avr8/avr8-gnu-toolchain/bin/../lib/gcc/avr/5.4.0/avr5\libgcc.a(_exit.o)
 .bss           0x00000000        0x0 c:/program files (x86)/atmel/studio/7.0/toolchain/avr8/avr8-gnu-toolchain/bin/../lib/gcc/avr/5.4.0/avr5\libgcc.a(_exit.o)
 .text.libgcc.mul
                0x00000000        0x0 c:/program files (x86)/atmel/studio/7.0/toolchain/avr8/avr8-gnu-toolchain/bin/../lib/gcc/avr/5.4.0/avr5\libgcc.a(_exit.o)
 .text.libgcc.div
                0x00000000        0x0 c:/program files (x86)/atmel/studio/7.0/toolchain/avr8/avr8-gnu-toolchain/bin/../lib/gcc/avr/5.4.0/avr5\libgcc.a(_exit.o)
 .text.libgcc   0x00000000        0x0 c:/program files (x86)/atmel/studio/7.0/toolchain/avr8/avr8-gnu-toolchain/bin/../lib/gcc/avr/5.4.0/avr5\libgcc.a(_exit.o)
 .text.libgcc.prologue
                0x00000000        0x0 c:/program files (x86)/atmel/studio/7.0/toolchain/avr8/avr8-gnu-toolchain/bin/../lib/gcc/avr/5.4.0/avr5\libgcc.a(_exit.o)
 .text.libgcc.builtins
                0x00000000        0x0 c:/program files (x86)/atmel/studio/7.0/toolchain/avr8/avr8-gnu-toolchain/bin/../lib/gcc/avr/5.4.0/avr5\libgcc.a(_exit.o)
 .text.libgcc.fmul
                0x00000000        0x0 c:/program files (x86)/atmel/studio/7.0/toolchain/avr8/avr8-gnu-toolchain/bin/../lib/gcc/avr/5.4.0/avr5\libgcc.a(_exit.o)
 .text.libgcc.fixed
                0x00000000        0x0 c:/program files (x86)/atmel/studio/7.0/toolchain/avr8/avr8-gnu-toolchain/bin/../lib/gcc/avr/5.4.0/avr5\libgcc.a(_exit.o)
 .text          0x00000000        0x0 c:/program files (x86)/atmel/studio/7.0/toolchain/avr8/avr8-gnu-toolchain/bin/../lib/gcc/avr/5.4.0/avr5\libgcc.a(_copy_data.o)
 .data          0x00000000        0x0 c:/program files (x86)/atmel/studio/7.0/toolchain/avr8/avr8-gnu-toolchain/bin/../lib/gcc/avr/5.4.0/avr5\libgcc.a(_copy_data.o)
 .bss           0x00000000        0x0 c:/program files (x86)/atmel/studio/7.0/toolchain/avr8/avr8-gnu-toolchain/bin/../lib/gcc/avr/5.4.0/avr5\libgcc.a(_copy_data.o)
 .text.libgcc.mul
                0x00000000        0x0 c:/program files (x86)/atmel/studio/7.0/toolchain/avr8/avr8-gnu-toolchain/bin/../lib/gcc/avr/5.4.0/avr5\libgcc.a(_copy_data.o)
 .text.libgcc.div
                0x00000000        0x0 c:/program files (x86)/atmel/studio/7.0/toolchain/avr8/avr8-gnu-toolchain/bin/../lib/gcc/avr/5.4.0/avr5\libgcc.a(_copy_data.o)
 .text.libgcc   0x00000000        0x0 c:/program files (x86)/atmel/studio/7.0/toolchain/avr8/avr8-gnu-toolchain/bin/../lib/gcc/avr/5.4.0/avr5\libgcc.a(_copy_data.o)
 .text.libgcc.prologue
                0x00000000        0x0 c:/program files (x86)/atmel/studio/7.0/toolchain/avr8/avr8-gnu-toolchain/bin/../lib/gcc/avr/5.4.0/avr5\libgcc.a(_copy_data.o)
 .text.libgcc.builtins
                0x00000000        0x0 c:/program files (x86)/atmel/studio/7.0/toolchain/avr8/avr8-gnu-toolchain/bin/../lib/gcc/avr/5.4.0/avr5\libgcc.a(_copy_data.o)
 .text.libgcc.fmul
                0x00000000        0x0 c:/program files (x86)/atmel/studio/7.0/toolchain/avr8/avr8-gnu-toolchain/bin/../lib/gcc/avr/5.4.0/avr5\libgcc.a(_copy_data.o)
 .text.libgcc.fixed
                0x00000000        0x0 c:/program files (x86)/atmel/studio/7.0/toolchain/avr8/avr8-gnu-toolchain/bin/../lib/gcc/avr/5.4.0/avr5\libgcc.a(_copy_data.o)
 .text          0x00000000        0x0 c:/program files (x86)/atmel/studio/7.0/toolchain/avr8/avr8-gnu-toolchain/bin/../lib/gcc/avr/5.4.0/avr5\libgcc.a(_clear_bss.o)
 .data          0x00000000        0x0 c:/program files (x86)/atmel/studio/7.0/toolchain/avr8/avr8-gnu-toolchain/bin/../lib/gcc/avr/5.4.0/avr5\libgcc.a(_clear_bss.o)
 .bss           0x00000000        0x0 c:/program files (x86)/atmel/studio/7.0/toolchain/avr8/avr8-gnu-toolchain/bin/../lib/gcc/avr/5.4.0/avr5\libgcc.a(_clear_bss.o)
 .text.libgcc.mul
                0x00000000        0x0 c:/program files (x86)/atmel/studio/7.0/toolchain/avr8/avr8-gnu-toolchain/bin/../lib/gcc/avr/5.4.0/avr5\libgcc.a(_clear_bss.o)
 .text.libgcc.div
                0x00000000        0x0 c:/program files (x86)/atmel/studio/7.0/toolchain/avr8/avr8-gnu-toolchain/bin/../lib/gcc/avr/5.4.0/avr5\libgcc.a(_clear_bss.o)
 .text.libgcc   0x00000000        0x0 c:/program files (x86)/atmel/studio/7.0/toolchain/avr8/avr8-gnu-toolchain/bin/../lib/gcc/avr/5.4.0/avr5\libgcc.a(_clear_bss.o)
 .text.libgcc.prologue
                0x00000000        0x0 c:/program files (x86)/atmel/studio/7.0/toolchain/avr8/avr8-gnu-toolchain/bin/../lib/gcc/avr/5.4.0/avr5\libgcc.a(_clear_bss.o)
 .text.libgcc.builtins
                0x00000000        0x0 c:/program files (x86)/atmel/studio/7.0/toolchain/avr8/avr8-gnu-toolchain/bin/../lib/gcc/avr/5.4.0/avr5\libgcc.a(_clear_bss.o)
 .text.libgcc.fmul
                0x00000000        0x0 c:/program files (x86)/atmel/studio/7.0/toolchain/avr8/avr8-gnu-toolchain/bin/../lib/gcc/avr/5.4.0/avr5\libgcc.a(_clear_bss.o)
 .text.libgcc.fixed
                0x00000000        0x0 c:/program files (x86)/atmel/studio/7.0/toolchain/avr8/avr8-gnu-toolchain/bin/../lib/gcc/avr/5.4.0/avr5\libgcc.a(_clear_bss.o)
 .text          0x00000000        0x0 c:/program files (x86)/atmel/studio/7.0/toolchain/avr8/avr8-gnu-toolchain/bin/../lib/gcc/avr/5.4.0/../../../../avr/lib/avr5\libc.a(memcpy.o)
 .data          0x00000000        0x0 c:/program files (x86)/atmel/studio/7.0/toolchain/avr8/avr8-gnu-toolchain/bin/../lib/gcc/avr/5.4.0/../../../../avr/lib/avr5\libc.a(memcpy.o)
 .bss           0x00000000        0x0 c:/program files (x86)/atmel/studio/7.0/toolchain/avr8/avr8-gnu-toolchain/bin/../lib/gcc/avr/5.4.0/../../../../avr/lib/avr5\libc.a(memcpy.o)
 .text.avr-libc
                0x00000000       0x12 c:/program files (x86)/atmel/studio/7.0/toolchain/avr8/avr8-gnu-toolchain/bin/../lib/gcc/avr/5.4.0/../../../../avr/lib/avr5\libc.a(memcpy.o)

Memory Configuration

Name             Origin             Length             Attributes
text             0x00000000         0x00008000         xr
data             0x00800060         0x00000800         rw !x
eeprom           0x00810000         0x00000400         rw !x
fuse             0x00820000         0x00000002         rw !x
lock             0x00830000         0x00000400         rw !x
signature        0x00840000         0x00000400         rw !x
user_signatures  0x00850000         0x00000400         rw !x
*default*        0x00000000         0xffffffff

Linker script and memory map

LOAD C:/Program Files (x86)/Atmel/Studio/7.0/Packs/atmel/ATmega_DFP/1.7.374/gcc/dev/atmega32/avr5/crtatmega32.o
LOAD croutine.o
LOAD DIO_prog.o
LOAD event_groups.o
LOAD heap_1.o
LOAD list.o
LOAD main.o
LOAD port.o
LOAD PORT_prog.o
LOAD queue.o
LOAD stream_buffer.o
LOAD tasks.o
LOAD timers.o
START GROUP
LOAD c:/program files (x86)/atmel/studio/7.0/toolchain/avr8/avr8-gnu-toolchain/bin/../lib/gcc/avr/5.4.0/../../../../avr/lib/avr5\libm.a
END GROUP
START GROUP
LOAD c:/program files (x86)/atmel/studio/7.0/toolchain/avr8/avr8-gnu-toolchain/bin/../lib/gcc/avr/5.4.0/avr5\libgcc.a
LOAD c:/program files (x86)/atmel/studio/7.0/toolchain/avr8/avr8-gnu-toolchain/bin/../lib/gcc/avr/5.4.0/../../../../avr/lib/avr5\libm.a
LOAD c:/program files (x86)/atmel/studio/7.0/toolchain/avr8/avr8-gnu-toolchain/bin/../lib/gcc/avr/5.4.0/../../../../avr/lib/avr5\libc.a
LOAD C:/Program Files (x86)/Atmel/Studio/7.0/Packs/atmel/ATmega_DFP/1.7.374/gcc/dev/atmega32/avr5\libatmega32.a
END GROUP
                0x00000000                __TEXT_REGION_ORIGIN__ = DEFINED (__TEXT_REGION_ORIGIN__)?__TEXT_REGION_ORIGIN__:0x0
                [0x00800060]                __DATA_REGION_ORIGIN__ = DEFINED (__DATA_REGION_ORIGIN__)?__DATA_REGION_ORIGIN__:0x800060
                [0x00008000]                __TEXT_REGION_LENGTH__ = DEFINED (__TEXT_REGION_LENGTH__)?__TEXT_REGION_LENGTH__:0x20000
                [0x00000800]                __DATA_REGION_LENGTH__ = DEFINED (__DATA_REGION_LENGTH__)?__DATA_REGION_LENGTH__:0xffa0
                [0x00000400]                __EEPROM_REGION_LENGTH__ = DEFINED (__EEPROM_REGION_LENGTH__)?__EEPROM_REGION_LENGTH__:0x10000
                [0x00000002]                __FUSE_REGION_LENGTH__ = DEFINED (__FUSE_REGION_LENGTH__)?__FUSE_REGION_LENGTH__:0x400
                0x00000400                __LOCK_REGION_LENGTH__ = DEFINED (__LOCK_REGION_LENGTH__)?__LOCK_REGION_LENGTH__:0x400
                0x00000400                __SIGNATURE_REGION_LENGTH__ = DEFINED (__SIGNATURE_REGION_LENGTH__)?__SIGNATURE_REGION_LENGTH__:0x400
                0x00000400                __USER_SIGNATURE_REGION_LENGTH__ = DEFINED (__USER_SIGNATURE_REGION_LENGTH__)?__USER_SIGNATURE_REGION_LENGTH__:0x400

.hash
 *(.hash)

.dynsym
 *(.dynsym)

.dynstr
 *(.dynstr)

.gnu.version
 *(.gnu.version)

.gnu.version_d
 *(.gnu.version_d)

.gnu.version_r
 *(.gnu.version_r)

.rel.init
 *(.rel.init)

.rela.init
 *(.rela.init)

.rel.text
 *(.rel.text)
 *(.rel.text.*)
 *(.rel.gnu.linkonce.t*)

.rela.text
 *(.rela.text)
 *(.rela.text.*)
 *(.rela.gnu.linkonce.t*)

.rel.fini
 *(.rel.fini)

.rela.fini
 *(.rela.fini)

.rel.rodata
 *(.rel.rodata)
 *(.rel.rodata.*)
 *(.rel.gnu.linkonce.r*)

.rela.rodata
 *(.rela.rodata)
 *(.rela.rodata.*)
 *(.rela.gnu.linkonce.r*)

.rel.data
 *(.rel.data)
 *(.rel.data.*)
 *(.rel.gnu.linkonce.d*)

.rela.data
 *(.rela.data)
 *(.rela.data.*)
 *(.rela.gnu.linkonce.d*)

.rel.ctors
 *(.rel.ctors)

.rela.ctors
 *(.rela.ctors)

.rel.dtors
 *(.rel.dtors)

.rela.dtors
 *(.rela.dtors)

.rel.got
 *(.rel.got)

.rela.got
 *(.rela.got)

.rel.bss
 *(.rel.bss)

.rela.bss
 *(.rela.bss)

.rel.plt
 *(.rel.plt)

.rela.plt
 *(.rela.plt)

.text           0x00000000      0xfb0
 *(.vectors)
 .vectors       0x00000000       0x54 C:/Program Files (x86)/Atmel/Studio/7.0/Packs/atmel/ATmega_DFP/1.7.374/gcc/dev/atmega32/avr5/crtatmega32.o
                0x00000000                __vector_default
                0x00000000                __vectors
 *(.vectors)
 *(.progmem.gcc*)
                0x00000054                . = ALIGN (0x2)
                0x00000054                __trampolines_start = .
 *(.trampolines)
 .trampolines   0x00000054        0x0 linker stubs
 *(.trampolines*)
                0x00000054                __trampolines_end = .
 *libprintf_flt.a:*(.progmem.data)
 *libc.a:*(.progmem.data)
 *(.progmem*)
                0x00000054                . = ALIGN (0x2)
 *(.jumptables)
 *(.jumptables*)
 *(.lowtext)
 *(.lowtext*)
                0x00000054                __ctors_start = .
 *(.ctors)
                0x00000054                __ctors_end = .
                0x00000054                __dtors_start = .
 *(.dtors)
                0x00000054                __dtors_end = .
 SORT(*)(.ctors)
 SORT(*)(.dtors)
 *(.init0)
 .init0         0x00000054        0x0 C:/Program Files (x86)/Atmel/Studio/7.0/Packs/atmel/ATmega_DFP/1.7.374/gcc/dev/atmega32/avr5/crtatmega32.o
                0x00000054                __init
 *(.init0)
 *(.init1)
 *(.init1)
 *(.init2)
 .init2         0x00000054        0xc C:/Program Files (x86)/Atmel/Studio/7.0/Packs/atmel/ATmega_DFP/1.7.374/gcc/dev/atmega32/avr5/crtatmega32.o
 *(.init2)
 *(.init3)
 *(.init3)
 *(.init4)
 .init4         0x00000060       0x16 c:/program files (x86)/atmel/studio/7.0/toolchain/avr8/avr8-gnu-toolchain/bin/../lib/gcc/avr/5.4.0/avr5\libgcc.a(_copy_data.o)
                0x00000060                __do_copy_data
 .init4         0x00000076       0x10 c:/program files (x86)/atmel/studio/7.0/toolchain/avr8/avr8-gnu-toolchain/bin/../lib/gcc/avr/5.4.0/avr5\libgcc.a(_clear_bss.o)
                0x00000076                __do_clear_bss
 *(.init4)
 *(.init5)
 *(.init5)
 *(.init6)
 *(.init6)
 *(.init7)
 *(.init7)
 *(.init8)
 *(.init8)
 *(.init9)
 .init9         0x00000086        0x8 C:/Program Files (x86)/Atmel/Studio/7.0/Packs/atmel/ATmega_DFP/1.7.374/gcc/dev/atmega32/avr5/crtatmega32.o
 *(.init9)
 *(.text)
 .text          0x0000008e        0x4 C:/Program Files (x86)/Atmel/Studio/7.0/Packs/atmel/ATmega_DFP/1.7.374/gcc/dev/atmega32/avr5/crtatmega32.o
                0x0000008e                __vector_1
                0x0000008e                __vector_12
                0x0000008e                __bad_interrupt
                0x0000008e                __vector_6
                0x0000008e                __vector_3
                0x0000008e                __vector_11
                0x0000008e                __vector_13
                0x0000008e                __vector_17
                0x0000008e                __vector_19
                0x0000008e                __vector_5
                0x0000008e                __vector_4
                0x0000008e                __vector_9
                0x0000008e                __vector_2
                0x0000008e                __vector_15
                0x0000008e                __vector_8
                0x0000008e                __vector_14
                0x0000008e                __vector_10
                0x0000008e                __vector_16
                0x0000008e                __vector_18
                0x0000008e                __vector_20
                0x00000092                . = ALIGN (0x2)
 *(.text.*)
 .text.DIO_voidSetPinVal
                0x00000092       0xb0 DIO_prog.o
                0x00000092                DIO_voidSetPinVal
 .text.pvPortMalloc
                0x00000142       0x74 heap_1.o
                0x00000142                pvPortMalloc
 .text.vPortFree
                0x000001b6        0x2 heap_1.o
                0x000001b6                vPortFree
 .text.vListInitialise
                0x000001b8       0x1c list.o
                0x000001b8                vListInitialise
 .text.vListInitialiseItem
                0x000001d4        0x8 list.o
                0x000001d4                vListInitialiseItem
 .text.vListInsert
                0x000001dc       0x62 list.o
                0x000001dc                vListInsert
 .text.uxListRemove
                0x0000023e       0x4e list.o
                0x0000023e                uxListRemove
 .text.LED1     0x0000028c       0x1e main.o
                0x0000028c                LED1
 .text.LED2     0x000002aa       0x1e main.o
                0x000002aa                LED2
 .text.LED3     0x000002c8       0x1e main.o
                0x000002c8                LED3
 .text.main     0x000002e6       0x50 main.o
                0x000002e6                main
 .text.prvSetupTimerInterrupt
                0x00000336       0x12 port.o
 .text.pxPortInitialiseStack
                0x00000348       0xd8 port.o
                0x00000348                pxPortInitialiseStack
 .text.xPortStartScheduler
                0x00000420       0x5e port.o
                0x00000420                xPortStartScheduler
 .text.vPortYield
                0x0000047e       0xb2 port.o
                0x0000047e                vPortYield
 .text.vPortYieldFromTick
                0x00000530       0xb8 port.o
                0x00000530                vPortYieldFromTick
 .text.__vector_7
                0x000005e8        0x6 port.o
                0x000005e8                __vector_7
 .text.PORT_voidInit
                0x000005ee       0x16 PORT_prog.o
                0x000005ee                PORT_voidInit
 .text.prvResetNextTaskUnblockTime
                0x00000604       0x38 tasks.o
 .text.prvDeleteTCB
                0x0000063c       0x1a tasks.o
 .text.prvInitialiseNewTask
                0x00000656       0xd2 tasks.o
 .text.prvInitialiseTaskLists
                0x00000728       0x6e tasks.o
 .text.prvAddNewTaskToReadyList
                0x00000796       0xfa tasks.o
 .text.prvCheckTasksWaitingTermination
                0x00000890       0x4c tasks.o
 .text.prvIdleTask
                0x000008dc        0x6 tasks.o
 .text.prvAddCurrentTaskToDelayedList
                0x000008e2      0x102 tasks.o
 .text.xTaskCreate
                0x000009e4       0xb2 tasks.o
                0x000009e4                xTaskCreate
 .text.vTaskStartScheduler
                0x00000a96       0x58 tasks.o
                0x00000a96                vTaskStartScheduler
 .text.vTaskSuspendAll
                0x00000aee        0xc tasks.o
                0x00000aee                vTaskSuspendAll
 .text.xTaskIncrementTick
                0x00000afa      0x234 tasks.o
                0x00000afa                xTaskIncrementTick
 .text.xTaskResumeAll
                0x00000d2e      0x1aa tasks.o
                0x00000d2e                xTaskResumeAll
 .text.vTaskDelay
                0x00000ed8       0x2c tasks.o
                0x00000ed8                vTaskDelay
 .text.vTaskSwitchContext
                0x00000f04       0xa8 tasks.o
                0x00000f04                vTaskSwitchContext
                0x00000fac                . = ALIGN (0x2)
 *(.fini9)
 .fini9         0x00000fac        0x0 c:/program files (x86)/atmel/studio/7.0/toolchain/avr8/avr8-gnu-toolchain/bin/../lib/gcc/avr/5.4.0/avr5\libgcc.a(_exit.o)
                0x00000fac                _exit
                0x00000fac                exit
 *(.fini9)
 *(.fini8)
 *(.fini8)
 *(.fini7)
 *(.fini7)
 *(.fini6)
 *(.fini6)
 *(.fini5)
 *(.fini5)
 *(.fini4)
 *(.fini4)
 *(.fini3)
 *(.fini3)
 *(.fini2)
 *(.fini2)
 *(.fini1)
 *(.fini1)
 *(.fini0)
 .fini0         0x00000fac        0x4 c:/program files (x86)/atmel/studio/7.0/toolchain/avr8/avr8-gnu-toolchain/bin/../lib/gcc/avr/5.4.0/avr5\libgcc.a(_exit.o)
 *(.fini0)
                0x00000fb0                _etext = .

.data           0x00800060        0x6 load address 0x00000fb0
                0x00800060                PROVIDE (__data_start, .)
 *(.data)
 *(.data*)
 .data.uxTopUsedPriority
                0x00800060        0x1 tasks.o
                0x00800060                uxTopUsedPriority
 *(.gnu.linkonce.d*)
 *(.rodata)
 *(.rodata*)
 .rodata.str1.1
                0x00800061        0x5 tasks.o
 *(.gnu.linkonce.r*)
                0x00800066                . = ALIGN (0x2)
                0x00800066                _edata = .
                0x00800066                PROVIDE (__data_end, .)

.bss            0x00800066      0x456
                0x00800066                PROVIDE (__bss_start, .)
 *(.bss)
 *(.bss*)
 .bss.pucAlignedHeap.2112
                0x00800066        0x2 heap_1.o
 .bss.xNextFreeByte
                0x00800068        0x2 heap_1.o
 .bss.ucHeap    0x0080006a      0x3e8 heap_1.o
 .bss.Local_u8LedState.1998
                0x00800452        0x1 main.o
 .bss.Local_u8LedState.1993
                0x00800453        0x1 main.o
 .bss.Local_u8LedState.1988
                0x00800454        0x1 main.o
 .bss.uxSchedulerSuspended
                0x00800455        0x1 tasks.o
 .bss.xIdleTaskHandle
                0x00800456        0x2 tasks.o
 .bss.xNextTaskUnblockTime
                0x00800458        0x2 tasks.o
 .bss.uxTaskNumber
                0x0080045a        0x1 tasks.o
 .bss.xNumOfOverflows
                0x0080045b        0x1 tasks.o
 .bss.xYieldPending
                0x0080045c        0x1 tasks.o
 .bss.xPendedTicks
                0x0080045d        0x2 tasks.o
 .bss.xSchedulerRunning
                0x0080045f        0x1 tasks.o
 .bss.uxTopReadyPriority
                0x00800460        0x1 tasks.o
 .bss.xTickCount
                0x00800461        0x2 tasks.o
 .bss.uxCurrentNumberOfTasks
                0x00800463        0x1 tasks.o
 .bss.xSuspendedTaskList
                0x00800464        0x9 tasks.o
 .bss.uxDeletedTasksWaitingCleanUp
                0x0080046d        0x1 tasks.o
 .bss.xTasksWaitingTermination
                0x0080046e        0x9 tasks.o
 .bss.xPendingReadyList
                0x00800477        0x9 tasks.o
 .bss.pxOverflowDelayedTaskList
                0x00800480        0x2 tasks.o
 .bss.pxDelayedTaskList
                0x00800482        0x2 tasks.o
 .bss.xDelayedTaskList2
                0x00800484        0x9 tasks.o
 .bss.xDelayedTaskList1
                0x0080048d        0x9 tasks.o
 .bss.pxReadyTasksLists
                0x00800496       0x24 tasks.o
 .bss.pxCurrentTCB
                0x008004ba        0x2 tasks.o
                0x008004ba                pxCurrentTCB
 *(COMMON)
                0x008004bc                PROVIDE (__bss_end, .)
                0x00000fb0                __data_load_start = LOADADDR (.data)
                0x00000fb6                __data_load_end = (__data_load_start + SIZEOF (.data))

.noinit         0x008004bc        0x0
                [!provide]                PROVIDE (__noinit_start, .)
 *(.noinit*)
                [!provide]                PROVIDE (__noinit_end, .)
                0x008004bc                _end = .
                [!provide]                PROVIDE (__heap_start, .)

.eeprom         0x00810000        0x0
 *(.eeprom*)
                0x00810000                __eeprom_end = .

.fuse
 *(.fuse)
 *(.lfuse)
 *(.hfuse)
 *(.efuse)

.lock
 *(.lock*)

.signature
 *(.signature*)

.user_signatures
 *(.user_signatures*)

.stab
 *(.stab)

.stabstr
 *(.stabstr)

.stab.excl
 *(.stab.excl)

.stab.exclstr
 *(.stab.exclstr)

.stab.index
 *(.stab.index)

.stab.indexstr
 *(.stab.indexstr)

.comment        0x00000000       0x30
 *(.comment)
 .comment       0x00000000       0x30 DIO_prog.o
                                 0x31 (size before relaxing)
 .comment       0x00000030       0x31 heap_1.o
 .comment       0x00000030       0x31 list.o
 .comment       0x00000030       0x31 main.o
 .comment       0x00000030       0x31 port.o
 .comment       0x00000030       0x31 PORT_prog.o
 .comment       0x00000030       0x31 tasks.o

.note.gnu.avr.deviceinfo
                0x00000000       0x3c
 .note.gnu.avr.deviceinfo
                0x00000000       0x3c C:/Program Files (x86)/Atmel/Studio/7.0/Packs/atmel/ATmega_DFP/1.7.374/gcc/dev/atmega32/avr5/crtatmega32.o

.note.gnu.build-id
 *(.note.gnu.build-id)

.debug
 *(.debug)

.line
 *(.line)

.debug_srcinfo
 *(.debug_srcinfo)

.debug_sfnames
 *(.debug_sfnames)

.debug_aranges  0x00000000      0x2d0
 *(.debug_aranges)
 .debug_aranges
                0x00000000       0x38 DIO_prog.o
 .debug_aranges
                0x00000038       0x38 heap_1.o
 .debug_aranges
                0x00000070       0x40 list.o
 .debug_aranges
                0x000000b0       0x38 main.o
 .debug_aranges
                0x000000e8       0x50 port.o
 .debug_aranges
                0x00000138       0x20 PORT_prog.o
 .debug_aranges
                0x00000158      0x178 tasks.o

.debug_pubnames
 *(.debug_pubnames)

.debug_info     0x00000000     0x2d86
 *(.debug_info .gnu.linkonce.wi.*)
 .debug_info    0x00000000      0x4e6 C:/Program Files (x86)/Atmel/Studio/7.0/Packs/atmel/ATmega_DFP/1.7.374/gcc/dev/atmega32/avr5/crtatmega32.o
 .debug_info    0x000004e6      0x17d DIO_prog.o
 .debug_info    0x00000663      0x1a4 heap_1.o
 .debug_info    0x00000807      0x2d8 list.o
 .debug_info    0x00000adf      0x332 main.o
 .debug_info    0x00000e11      0x24e port.o
 .debug_info    0x0000105f       0x86 PORT_prog.o
 .debug_info    0x000010e5     0x1ca1 tasks.o

.debug_abbrev   0x00000000      0xc5b
 *(.debug_abbrev)
 .debug_abbrev  0x00000000      0x4a3 C:/Program Files (x86)/Atmel/Studio/7.0/Packs/atmel/ATmega_DFP/1.7.374/gcc/dev/atmega32/avr5/crtatmega32.o
 .debug_abbrev  0x000004a3       0x9a DIO_prog.o
 .debug_abbrev  0x0000053d      0x11c heap_1.o
 .debug_abbrev  0x00000659       0xff list.o
 .debug_abbrev  0x00000758       0xce main.o
 .debug_abbrev  0x00000826      0x143 port.o
 .debug_abbrev  0x00000969       0x44 PORT_prog.o
 .debug_abbrev  0x000009ad      0x2ae tasks.o

.debug_line     0x00000000     0x1bba
 *(.debug_line .debug_line.* .debug_line_end)
 .debug_line    0x00000000      0x116 C:/Program Files (x86)/Atmel/Studio/7.0/Packs/atmel/ATmega_DFP/1.7.374/gcc/dev/atmega32/avr5/crtatmega32.o
 .debug_line    0x00000116      0x175 DIO_prog.o
 .debug_line    0x0000028b      0x1ad heap_1.o
 .debug_line    0x00000438      0x1d0 list.o
 .debug_line    0x00000608      0x121 main.o
 .debug_line    0x00000729      0x29d port.o
 .debug_line    0x000009c6       0x6e PORT_prog.o
 .debug_line    0x00000a34     0x1186 tasks.o

.debug_frame    0x00000000      0x7e4
 *(.debug_frame)
 .debug_frame   0x00000000       0x54 DIO_prog.o
 .debug_frame   0x00000054       0x60 heap_1.o
 .debug_frame   0x000000b4       0x88 list.o
 .debug_frame   0x0000013c       0x54 main.o
 .debug_frame   0x00000190       0x84 port.o
 .debug_frame   0x00000214       0x24 PORT_prog.o
 .debug_frame   0x00000238      0x5ac tasks.o

.debug_str      0x00000000     0x101f
 *(.debug_str)
 .debug_str     0x00000000      0x196 C:/Program Files (x86)/Atmel/Studio/7.0/Packs/atmel/ATmega_DFP/1.7.374/gcc/dev/atmega32/avr5/crtatmega32.o
 .debug_str     0x00000196      0x1a7 DIO_prog.o
                                0x1d4 (size before relaxing)
 .debug_str     0x0000033d       0xee heap_1.o
                                0x214 (size before relaxing)
 .debug_str     0x0000042b      0x140 list.o
                                0x2a3 (size before relaxing)
 .debug_str     0x0000056b       0x6a main.o
                                0x1fa (size before relaxing)
 .debug_str     0x000005d5      0x121 port.o
                                0x29c (size before relaxing)
 .debug_str     0x000006f6       0x11 PORT_prog.o
                                0x163 (size before relaxing)
 .debug_str     0x00000707      0x918 tasks.o
                                0xcc8 (size before relaxing)

.debug_loc      0x00000000     0x2802
 *(.debug_loc)
 .debug_loc     0x00000000      0x20c DIO_prog.o
 .debug_loc     0x0000020c      0x10f heap_1.o
 .debug_loc     0x0000031b      0x145 list.o
 .debug_loc     0x00000460      0x2a0 port.o
 .debug_loc     0x00000700     0x2102 tasks.o

.debug_macinfo
 *(.debug_macinfo)

.debug_weaknames
 *(.debug_weaknames)

.debug_funcnames
 *(.debug_funcnames)

.debug_typenames
 *(.debug_typenames)

.debug_varnames
 *(.debug_varnames)

.debug_pubtypes
 *(.debug_pubtypes)

.debug_ranges   0x00000000      0x2a0
 *(.debug_ranges)
 .debug_ranges  0x00000000       0x28 DIO_prog.o
 .debug_ranges  0x00000028       0x28 heap_1.o
 .debug_ranges  0x00000050       0x30 list.o
 .debug_ranges  0x00000080       0x28 main.o
 .debug_ranges  0x000000a8       0x40 port.o
 .debug_ranges  0x000000e8       0x10 PORT_prog.o
 .debug_ranges  0x000000f8      0x1a8 tasks.o

.debug_macro
 *(.debug_macro)
OUTPUT(FreeRTOS_LAB1.elf elf32-avr)
LOAD linker stubs
